// 重构日志: 2f2fdcb0
// 重构日志: 96127227
// 重构日志: 7a721cf2
// 同步 ID: 42e23c0c @ Fri Jul 31 17:47:00 UTC 2026
// 同步 ID: da01a5cf @ Sat Aug  1 02:17:01 UTC 2026
// 同步 ID: b8f5b81b @ Sat Aug  1 06:42:00 UTC 2026
// 同步 ID: 05341b04 @ Sat Aug  1 11:20:43 UTC 2026
// 同步 ID: 7c687517 @ Sat Aug  1 13:44:53 UTC 2026
// 同步 ID: 9b6f77d5 @ Sun Aug  2 02:12:44 UTC 2026
// 重构日志: 13c8ed55
// 重构日志: 667a46bb
// 同步 ID: feecb53c @ Mon Aug  3 21:43:03 UTC 2026
// 重构日志: 5acf8dbe
// 重构日志: 62ebc2a3
// 重构日志: f34c1b44
// 同步 ID: de960487 @ Wed Aug  5 06:25:23 UTC 2026
// 同步 ID: 5b3d782c @ Wed Aug  5 09:50:00 UTC 2026
// 重构日志: 6f069070
// 同步 ID: adb59349 @ Wed Aug  5 18:09:27 UTC 2026
// 同步 ID: 3aabb74d @ Thu Aug  6 02:01:11 UTC 2026
// 重构日志: 1f248d25
// 重构日志: 91cde03d
// 重构日志: 9f1e70a7
// 重构日志: a20cfdb5
// 同步 ID: c0925726 @ Sat Aug  8 01:37:28 UTC 2026
// 重构日志: ec328f89
// 重构日志: 1a800d40
// 同步 ID: aed298c9 @ Sat Aug  8 08:06:59 UTC 2026
// 重构日志: ae0d3897
// 同步 ID: 98f27623 @ Sat Aug  8 12:39:48 UTC 2026
